<?xml version="1.0" encoding="UTF-8"?>
<testsuites name="jest tests" tests="60" failures="1" errors="0" time="6.516">
  <testsuite name="src\api\bugs.test.ts" errors="0" failures="0" skipped="0" timestamp="2025-07-27T17:33:17" time="1.637" tests="14">
    <testcase classname="Bug API › getBugs" name="should fetch bugs successfully" time="0.022">
    </testcase>
    <testcase classname="Bug API › getBugs" name="should handle network errors when fetching bugs" time="0.014">
    </testcase>
    <testcase classname="Bug API › getBugs" name="should handle invalid JSON responses when fetching bugs" time="0.007">
    </testcase>
    <testcase classname="Bug API › createBug" name="should create a new bug successfully" time="0.002">
    </testcase>
    <testcase classname="Bug API › createBug" name="should handle API errors when creating a bug" time="0.001">
    </testcase>
    <testcase classname="Bug API › createBug" name="should handle network errors when creating a bug" time="0.002">
    </testcase>
    <testcase classname="Bug API › createBug" name="should handle invalid JSON responses when creating a bug" time="0.001">
    </testcase>
    <testcase classname="Bug API › updateBug" name="should update a bug successfully" time="0.002">
    </testcase>
    <testcase classname="Bug API › updateBug" name="should handle not found error when updating a bug" time="0.002">
    </testcase>
    <testcase classname="Bug API › updateBug" name="should handle network errors when updating a bug" time="0.001">
    </testcase>
    <testcase classname="Bug API › updateBug" name="should handle invalid JSON responses when updating a bug" time="0.001">
    </testcase>
    <testcase classname="Bug API › deleteBug" name="should delete a bug successfully" time="0.001">
    </testcase>
    <testcase classname="Bug API › deleteBug" name="should handle not found error when deleting a bug" time="0.001">
    </testcase>
    <testcase classname="Bug API › deleteBug" name="should handle network errors when deleting a bug" time="0.001">
    </testcase>
  </testsuite>
  <testsuite name="src\components\EditBugModal.test.tsx" errors="0" failures="0" skipped="0" timestamp="2025-07-27T17:33:17" time="2.476" tests="6">
    <testcase classname="EditBugModal" name="renders nothing when isOpen is false" time="0.065">
    </testcase>
    <testcase classname="EditBugModal" name="renders modal content when isOpen is true" time="0.059">
    </testcase>
    <testcase classname="EditBugModal" name="calls onClose when Cancel button is clicked" time="0.026">
    </testcase>
    <testcase classname="EditBugModal" name="updates form fields when input values change" time="0.021">
    </testcase>
    <testcase classname="EditBugModal" name="calls onSubmit with updated values when form is submitted" time="0.021">
    </testcase>
    <testcase classname="EditBugModal" name="updates priority and status when select values change" time="0.041">
    </testcase>
  </testsuite>
  <testsuite name="src\components\Notification.test.tsx" errors="0" failures="0" skipped="0" timestamp="2025-07-27T17:33:17" time="2.49" tests="7">
    <testcase classname="Notification" name="should render with the provided message" time="0.07">
    </testcase>
    <testcase classname="Notification" name="should call onClose after 5 seconds" time="0.012">
    </testcase>
    <testcase classname="Notification" name="should call onClose when close button is clicked" time="0.114">
    </testcase>
    <testcase classname="Notification" name="should apply success styles by default" time="0.022">
    </testcase>
    <testcase classname="Notification" name="should apply error styles when type is error" time="0.007">
    </testcase>
    <testcase classname="Notification" name="should fade out before closing" time="0.054">
    </testcase>
    <testcase classname="Notification" name="should cleanup timers on unmount" time="0.006">
    </testcase>
  </testsuite>
  <testsuite name="src\components\DeleteConfirmationModal.test.tsx" errors="0" failures="0" skipped="0" timestamp="2025-07-27T17:33:17" time="2.515" tests="4">
    <testcase classname="DeleteConfirmationModal" name="should not render the modal when isOpen is false" time="0.046">
    </testcase>
    <testcase classname="DeleteConfirmationModal" name="should render the modal when isOpen is true" time="0.081">
    </testcase>
    <testcase classname="DeleteConfirmationModal" name="should call onClose when the Cancel button is clicked" time="0.113">
    </testcase>
    <testcase classname="DeleteConfirmationModal" name="should call onConfirm when the Delete button is clicked" time="0.045">
    </testcase>
  </testsuite>
  <testsuite name="src\components\DeleteBugButton.test.tsx" errors="0" failures="0" skipped="0" timestamp="2025-07-27T17:33:19" time="0.906" tests="3">
    <testcase classname="DeleteBugButton" name="should render the delete button" time="0.163">
    </testcase>
    <testcase classname="DeleteBugButton" name="should call onDelete when the delete button is clicked" time="0.021">
    </testcase>
    <testcase classname="DeleteBugButton" name="should log an error when the delete request fails" time="0.015">
    </testcase>
  </testsuite>
  <testsuite name="src\components\BugList.test.tsx" errors="0" failures="0" skipped="0" timestamp="2025-07-27T17:33:17" time="3.88" tests="12">
    <testcase classname="BugList › Initial Rendering" name="should render bug list after loading" time="0.081">
    </testcase>
    <testcase classname="BugList › Initial Rendering" name="should show error message if bugs fetch fails" time="0.026">
    </testcase>
    <testcase classname="BugList › Bug Operations" name="should open add bug modal when clicking Add New Bug" time="0.141">
    </testcase>
    <testcase classname="BugList › Bug Operations" name="should handle creating a new bug" time="0.333">
    </testcase>
    <testcase classname="BugList › Bug Operations" name="should handle editing a bug" time="0.383">
    </testcase>
    <testcase classname="BugList › Bug Operations" name="should handle deleting a bug" time="0.103">
    </testcase>
    <testcase classname="BugList › Notifications" name="should show success notification after creating bug" time="0.031">
    </testcase>
    <testcase classname="BugList › Notifications" name="should show success notification after deleting bug" time="0.033">
    </testcase>
    <testcase classname="BugList › Status and Priority Display" name="should display correct status indicators" time="0.027">
    </testcase>
    <testcase classname="BugList › Status and Priority Display" name="should display correct priority indicators" time="0.031">
    </testcase>
    <testcase classname="BugList" name="displays the correct version number" time="0.021">
    </testcase>
    <testcase classname="BugList" name="displays the version number in the header" time="0.008">
    </testcase>
  </testsuite>
  <testsuite name="src\components\CommentSection.test.tsx" errors="0" failures="1" skipped="0" timestamp="2025-07-27T17:33:17" time="3.988" tests="6">
    <testcase classname="CommentSection" name="should render the comment section with existing comments" time="0.151">
    </testcase>
    <testcase classname="CommentSection" name="should submit a new comment" time="0.691">
    </testcase>
    <testcase classname="CommentSection" name="should handle error when submitting a comment" time="0.627">
    </testcase>
    <testcase classname="CommentSection" name="should render empty comments message when no comments are provided" time="0.006">
    </testcase>
    <testcase classname="CommentSection" name="should disable the submit button when form fields are empty" time="0.004">
    </testcase>
    <testcase classname="CommentSection" name="should display the correct timestamp for each comment" time="0.015">
      <failure>TestingLibraryElementError: Unable to find an element with the text: /6\/10\/23.*(10|11):00:00/. This could be because the text is broken up by multiple elements. In this case, you can provide a function for your text matcher to make your matcher more flexible.

Ignored nodes: comments, script, style
&lt;body&gt;
  &lt;div&gt;
    &lt;div
      class=&quot;mt-8&quot;
    &gt;
      &lt;h2
        class=&quot;text-xl font-semibold mb-4&quot;
      &gt;
        Comments
      &lt;/h2&gt;
      &lt;div
        class=&quot;mb-6&quot;
      &gt;
        &lt;form
          class=&quot;space-y-4&quot;
          data-testid=&quot;comment-form&quot;
        &gt;
          &lt;div&gt;
            &lt;label
              class=&quot;block text-sm font-medium text-gray-700&quot;
              for=&quot;author&quot;
            &gt;
              Your Name
            &lt;/label&gt;
            &lt;input
              class=&quot;mt-1 block w-full rounded-md border-gray-300 shadow-sm focus:border-blue-500 focus:ring-blue-500&quot;
              data-testid=&quot;comment-author&quot;
              id=&quot;author&quot;
              required=&quot;&quot;
              type=&quot;text&quot;
              value=&quot;&quot;
            /&gt;
          &lt;/div&gt;
          &lt;div&gt;
            &lt;label
              class=&quot;block text-sm font-medium text-gray-700&quot;
              for=&quot;content&quot;
            &gt;
              Comment
            &lt;/label&gt;
            &lt;textarea
              class=&quot;mt-1 block w-full rounded-md border-gray-300 shadow-sm focus:border-blue-500 focus:ring-blue-500&quot;
              data-testid=&quot;comment-content&quot;
              id=&quot;content&quot;
              required=&quot;&quot;
              rows=&quot;3&quot;
            /&gt;
          &lt;/div&gt;
          &lt;button
            class=&quot;bg-blue-500 text-white px-4 py-2 rounded hover:bg-blue-600 disabled:opacity-50&quot;
            disabled=&quot;&quot;
            type=&quot;submit&quot;
          &gt;
            Add Comment
          &lt;/button&gt;
        &lt;/form&gt;
      &lt;/div&gt;
      &lt;div
        class=&quot;space-y-4&quot;
      &gt;
        &lt;div
          class=&quot;bg-gray-50 p-4 rounded-lg&quot;
        &gt;
          &lt;div
            class=&quot;flex justify-between items-start&quot;
          &gt;
            &lt;span
              class=&quot;font-medium&quot;
            &gt;
              John Doe
            &lt;/span&gt;
            &lt;span
              class=&quot;text-sm text-gray-500&quot;
            &gt;
              6/10/23, 1:00:00 PM
            &lt;/span&gt;
          &lt;/div&gt;
          &lt;p
            class=&quot;mt-2 text-gray-700&quot;
          &gt;
            This is a test comment
          &lt;/p&gt;
        &lt;/div&gt;
      &lt;/div&gt;
    &lt;/div&gt;
  &lt;/div&gt;
&lt;/body&gt;
    at Object.getElementError (E:\Programming\bug-tracker\bugtracker-frontend\node_modules\@testing-library\dom\dist\config.js:37:19)
    at E:\Programming\bug-tracker\bugtracker-frontend\node_modules\@testing-library\dom\dist\query-helpers.js:76:38
    at E:\Programming\bug-tracker\bugtracker-frontend\node_modules\@testing-library\dom\dist\query-helpers.js:52:17
    at E:\Programming\bug-tracker\bugtracker-frontend\node_modules\@testing-library\dom\dist\query-helpers.js:95:19
    at Object.getByText (E:\Programming\bug-tracker\bugtracker-frontend\src\components\CommentSection.test.tsx:124:19)
    at Promise.then.completed (E:\Programming\bug-tracker\bugtracker-frontend\node_modules\jest-circus\build\utils.js:298:28)
    at new Promise (&lt;anonymous&gt;)
    at callAsyncCircusFn (E:\Programming\bug-tracker\bugtracker-frontend\node_modules\jest-circus\build\utils.js:231:10)
    at _callCircusTest (E:\Programming\bug-tracker\bugtracker-frontend\node_modules\jest-circus\build\run.js:316:40)
    at _runTest (E:\Programming\bug-tracker\bugtracker-frontend\node_modules\jest-circus\build\run.js:252:3)
    at _runTestsForDescribeBlock (E:\Programming\bug-tracker\bugtracker-frontend\node_modules\jest-circus\build\run.js:126:9)
    at _runTestsForDescribeBlock (E:\Programming\bug-tracker\bugtracker-frontend\node_modules\jest-circus\build\run.js:121:9)
    at run (E:\Programming\bug-tracker\bugtracker-frontend\node_modules\jest-circus\build\run.js:71:3)
    at runAndTransformResultsToJestFormat (E:\Programming\bug-tracker\bugtracker-frontend\node_modules\jest-circus\build\legacy-code-todo-rewrite\jestAdapterInit.js:122:21)
    at jestAdapter (E:\Programming\bug-tracker\bugtracker-frontend\node_modules\jest-circus\build\legacy-code-todo-rewrite\jestAdapter.js:79:19)
    at runTestInternal (E:\Programming\bug-tracker\bugtracker-frontend\node_modules\jest-runner\build\runTest.js:367:16)
    at runTest (E:\Programming\bug-tracker\bugtracker-frontend\node_modules\jest-runner\build\runTest.js:444:34)
    at Object.worker (E:\Programming\bug-tracker\bugtracker-frontend\node_modules\jest-runner\build\testWorker.js:106:12)</failure>
    </testcase>
  </testsuite>
  <testsuite name="src\components\AddBugModal.test.tsx" errors="0" failures="0" skipped="0" timestamp="2025-07-27T17:33:17" time="4.293" tests="8">
    <testcase classname="AddBugModal" name="should not render when isOpen is false" time="0.083">
    </testcase>
    <testcase classname="AddBugModal" name="should render the modal when isOpen is true" time="0.058">
    </testcase>
    <testcase classname="AddBugModal" name="should handle form submission with correct data" time="0.62">
    </testcase>
    <testcase classname="AddBugModal" name="should close modal when Cancel button is clicked" time="0.012">
    </testcase>
    <testcase classname="AddBugModal" name="should update form data when inputs change" time="0.551">
    </testcase>
    <testcase classname="AddBugModal" name="should not submit form with empty required fields" time="0.499">
    </testcase>
    <testcase classname="AddBugModal" name="should have default Medium priority" time="0.003">
    </testcase>
    <testcase classname="AddBugModal" name="should reset form data after closing and reopening" time="0.006">
    </testcase>
  </testsuite>
</testsuites>